<?xml version="1.0" encoding="UTF-8"?><mappingRoot xmlns="http://www.ibm.com/2008/ccl/Mapping" domainID="com.ibm.msl.mapping.xml" domainIDExtension="mb" mainMap="true" targetNamespace="book" version="8.0.5.0" xmlns:map="book">
    <input path="mbsharedlib://book_library/csv_input_books.xsd"/>
    <output path="mbsharedlib://book_library/book/insert_book.xsd"/>
    <generation engine="xquery"/>
    <mappingDeclaration name="insert_books_Mapping">
        <input path="mb:msg(csv_input_books,assembly,DFDL,Properties)" var="MessageAssembly"/>
        <output path="mb:msg(books,assembly,XMLNSC,Properties)" var="ComIbmMessageAssembly_books"/>
        <move>
            <input path="$MessageAssembly/Properties"/>
            <output path="$ComIbmMessageAssembly_books/Properties"/>
            <override>
                <assign value="{book_library}">
                    <output path="$ComIbmMessageAssembly_books/Properties/MessageSet"/>
                </assign>
            </override>
        </move>
        <move>
            <input path="$MessageAssembly/csv_input_books/record/title"/>
            <output path="$ComIbmMessageAssembly_books/books/book/name"/>
        </move>
        <move>
            <input path="$MessageAssembly/csv_input_books/record/author"/>
            <output path="$ComIbmMessageAssembly_books/books/book/author"/>
        </move>
        <move>
            <input path="$MessageAssembly/csv_input_books/record/price"/>
            <output path="$ComIbmMessageAssembly_books/books/book/price"/>
        </move>
    </mappingDeclaration>
</mappingRoot>